// Jest Snapshot v1, https://goo.gl/fbAQLP

exports[`<Accordion /> opens and closes the <Accordion /> component 1`] = `
<div
  class="accordion__Container-sc-1hhg575-0 ifLSBk"
>
  <div
    class="accordion__Inner-sc-1hhg575-1 dfBXOz"
  >
    <h1
      class="accordion__Title-sc-1hhg575-5 ffGmVV"
    >
      Frequently Asked Questions
    </h1>
    <div
      class="accordion__Item-sc-1hhg575-2 KFupl"
    >
      <div
        class="accordion__Header-sc-1hhg575-3 cNfUtj"
      >
        What is Netflix?
        <img
          alt="Open"
          src="/images/icons/add.png"
        />
      </div>
    </div>
    <div
      class="accordion__Item-sc-1hhg575-2 KFupl"
    >
      <div
        class="accordion__Header-sc-1hhg575-3 cNfUtj"
      >
        How much does Netflix cost?
        <img
          alt="Open"
          src="/images/icons/add.png"
        />
      </div>
    </div>
    <div
      class="accordion__Item-sc-1hhg575-2 KFupl"
    >
      <div
        class="accordion__Header-sc-1hhg575-3 cNfUtj"
      >
        Where can I watch?
        <img
          alt="Open"
          src="/images/icons/add.png"
        />
      </div>
    </div>
    <div
      class="accordion__Item-sc-1hhg575-2 KFupl"
    >
      <div
        class="accordion__Header-sc-1hhg575-3 cNfUtj"
      >
        How do I cancel?
        <img
          alt="Open"
          src="/images/icons/add.png"
        />
      </div>
    </div>
    <div
      class="accordion__Item-sc-1hhg575-2 KFupl"
    >
      <div
        class="accordion__Header-sc-1hhg575-3 cNfUtj"
      >
        What can I watch on Netflix?
        <img
          alt="Open"
          src="/images/icons/add.png"
        />
      </div>
    </div>
  </div>
</div>
`;

exports[`<Accordion /> renders the <Accordion /> with populated data 1`] = `
<div
  class="accordion__Container-sc-1hhg575-0 ifLSBk"
>
  <div
    class="accordion__Inner-sc-1hhg575-1 dfBXOz"
  >
    <h1
      class="accordion__Title-sc-1hhg575-5 ffGmVV"
    >
      Frequently Asked Questions
    </h1>
    <div
      class="accordion__Item-sc-1hhg575-2 KFupl"
    >
      <div
        class="accordion__Header-sc-1hhg575-3 cNfUtj"
      >
        What is Netflix?
        <img
          alt="Open"
          src="/images/icons/add.png"
        />
      </div>
    </div>
    <div
      class="accordion__Item-sc-1hhg575-2 KFupl"
    >
      <div
        class="accordion__Header-sc-1hhg575-3 cNfUtj"
      >
        How much does Netflix cost?
        <img
          alt="Open"
          src="/images/icons/add.png"
        />
      </div>
    </div>
    <div
      class="accordion__Item-sc-1hhg575-2 KFupl"
    >
      <div
        class="accordion__Header-sc-1hhg575-3 cNfUtj"
      >
        Where can I watch?
        <img
          alt="Open"
          src="/images/icons/add.png"
        />
      </div>
    </div>
    <div
      class="accordion__Item-sc-1hhg575-2 KFupl"
    >
      <div
        class="accordion__Header-sc-1hhg575-3 cNfUtj"
      >
        How do I cancel?
        <img
          alt="Open"
          src="/images/icons/add.png"
        />
      </div>
    </div>
    <div
      class="accordion__Item-sc-1hhg575-2 KFupl"
    >
      <div
        class="accordion__Header-sc-1hhg575-3 cNfUtj"
      >
        What can I watch on Netflix?
        <img
          alt="Open"
          src="/images/icons/add.png"
        />
      </div>
    </div>
  </div>
</div>
`;
